// Jest Snapshot v1, https://jestjs.io/docs/snapshot-testing

exports[`transformCv should transform cv with lightblue scheme 1`] = `
[
  {
    "children": [
      {
        "children": [
          {
            "children": [
              {
                "props": {
                  "flexShrink": 1,
                  "height": 20,
                },
                "type": "block",
              },
              {
                "props": {
                  "color": "#333333",
                  "lineHeight": 1.2,
                  "size": 26,
                  "text": "Krisztian Korosi",
                  "weight": 600,
                },
                "type": "text",
              },
              {
                "props": {
                  "flexShrink": 1,
                  "height": 3,
                },
                "type": "block",
              },
              {
                "props": {
                  "color": "#666666",
                  "lineHeight": 1.35,
                  "size": 13,
                  "text": "Full-stack developer",
                },
                "type": "text",
              },
              {
                "props": {
                  "flexShrink": 1,
                  "height": 6,
                },
                "type": "block",
              },
              {
                "children": [
                  {
                    "children": [
                      {
                        "children": [
                          {
                            "children": [
                              {
                                "props": {
                                  "color": "#1f7a8c",
                                  "height": 11,
                                  "width": 11,
                                },
                                "type": "icon-github",
                              },
                            ],
                            "props": {
                              "position": "relative",
                              "top": -0.6,
                            },
                            "type": "block",
                          },
                          {
                            "props": {
                              "width": 4,
                            },
                            "type": "block",
                          },
                          {
                            "props": {
                              "color": "#1f7a8c",
                              "lineHeight": 1.35,
                              "size": 10.5,
                              "text": "github.com/Koeroesi86",
                            },
                            "type": "text",
                          },
                        ],
                        "props": {
                          "flexDirection": "row",
                          "flexWrap": "nowrap",
                        },
                        "type": "block",
                      },
                    ],
                    "props": {
                      "color": "#1f7a8c",
                      "src": "https://github.com/Koeroesi86",
                      "underline": false,
                    },
                    "type": "link",
                  },
                  {
                    "props": {
                      "width": 8,
                    },
                    "type": "block",
                  },
                  {
                    "props": {
                      "color": "#666666",
                      "lineHeight": 1.35,
                      "size": 10.5,
                      "text": "·",
                    },
                    "type": "text",
                  },
                  {
                    "props": {
                      "width": 8,
                    },
                    "type": "block",
                  },
                  {
                    "children": [
                      {
                        "children": [
                          {
                            "children": [
                              {
                                "props": {
                                  "color": "#1f7a8c",
                                  "height": 11,
                                  "width": 11,
                                },
                                "type": "icon-folder",
                              },
                            ],
                            "props": {
                              "position": "relative",
                              "top": -0.6,
                            },
                            "type": "block",
                          },
                          {
                            "props": {
                              "width": 4,
                            },
                            "type": "block",
                          },
                          {
                            "props": {
                              "color": "#1f7a8c",
                              "lineHeight": 1.35,
                              "size": 10.5,
                              "text": "chris.koro.si",
                            },
                            "type": "text",
                          },
                        ],
                        "props": {
                          "flexDirection": "row",
                          "flexWrap": "nowrap",
                        },
                        "type": "block",
                      },
                    ],
                    "props": {
                      "color": "#1f7a8c",
                      "src": "https://chris.koro.si",
                      "underline": false,
                    },
                    "type": "link",
                  },
                ],
                "props": {
                  "flexDirection": "row",
                  "flexWrap": "nowrap",
                },
                "type": "block",
              },
            ],
            "props": {},
            "type": "block",
          },
          {
            "props": {
              "flexGrow": 1,
            },
            "type": "block",
          },
          {
            "children": [
              {
                "children": [
                  {
                    "children": [
                      {
                        "props": {
                          "color": "#6ab9c8",
                          "height": 12,
                          "width": 12,
                        },
                        "type": "icon-flame",
                      },
                    ],
                    "props": {
                      "position": "relative",
                      "top": -3,
                    },
                    "type": "block",
                  },
                  {
                    "props": {
                      "width": 6,
                    },
                    "type": "block",
                  },
                  {
                    "children": [
                      {
                        "props": {
                          "color": "#333333",
                          "lineHeight": 1.2,
                          "size": 14,
                          "text": "Summary",
                          "weight": 600,
                        },
                        "type": "text",
                      },
                    ],
                    "props": {
                      "position": "relative",
                      "top": -1.54,
                    },
                    "type": "block",
                  },
                  {
                    "props": {
                      "width": 8,
                    },
                    "type": "block",
                  },
                  {
                    "props": {
                      "backgroundColor": "#6ab9c8",
                      "flexBasis": 0,
                      "flexGrow": 1,
                      "height": 1,
                    },
                    "type": "block",
                  },
                ],
                "props": {
                  "alignItems": "center",
                  "flexDirection": "row",
                  "flexWrap": "nowrap",
                },
                "type": "block",
              },
              {
                "props": {
                  "flexShrink": 1,
                  "height": 4,
                },
                "type": "block",
              },
              {
                "props": {
                  "height": 10,
                },
                "type": "block",
              },
              {
                "children": [
                  {
                    "props": {
                      "width": 20,
                    },
                    "type": "block",
                  },
                  {
                    "children": [
                      {
                        "props": {
                          "color": "#333333",
                          "lineHeight": 1.35,
                          "size": 10.5,
                          "text": "My desire is to always improve myself and attain new skills, to keep up with the latest technologies.",
                        },
                        "type": "text",
                      },
                    ],
                    "props": {
                      "flexGrow": 1,
                    },
                    "type": "block",
                  },
                ],
                "props": {
                  "flexDirection": "row",
                },
                "type": "block",
              },
            ],
            "props": {
              "flexWrap": "nowrap",
            },
            "type": "block",
          },
          {
            "props": {
              "flexGrow": 1,
            },
            "type": "block",
          },
          {
            "children": [
              {
                "children": [
                  {
                    "children": [
                      {
                        "props": {
                          "color": "#6ab9c8",
                          "height": 12,
                          "width": 12,
                        },
                        "type": "icon-check",
                      },
                    ],
                    "props": {
                      "position": "relative",
                      "top": -3,
                    },
                    "type": "block",
                  },
                  {
                    "props": {
                      "width": 6,
                    },
                    "type": "block",
                  },
                  {
                    "children": [
                      {
                        "props": {
                          "color": "#333333",
                          "lineHeight": 1.2,
                          "size": 14,
                          "text": "Skills",
                          "weight": 600,
                        },
                        "type": "text",
                      },
                    ],
                    "props": {
                      "position": "relative",
                      "top": -1.54,
                    },
                    "type": "block",
                  },
                  {
                    "props": {
                      "width": 8,
                    },
                    "type": "block",
                  },
                  {
                    "props": {
                      "backgroundColor": "#6ab9c8",
                      "flexBasis": 0,
                      "flexGrow": 1,
                      "height": 1,
                    },
                    "type": "block",
                  },
                ],
                "props": {
                  "alignItems": "center",
                  "flexDirection": "row",
                  "flexWrap": "nowrap",
                },
                "type": "block",
              },
              {
                "props": {
                  "flexShrink": 1,
                  "height": 4,
                },
                "type": "block",
              },
              {
                "props": {
                  "flexShrink": 1,
                  "height": 10,
                },
                "type": "block",
              },
              {
                "children": [
                  {
                    "children": [
                      {
                        "props": {
                          "height": 2,
                        },
                        "type": "block",
                      },
                      {
                        "props": {
                          "color": "#333333",
                          "height": 8,
                          "width": 8,
                        },
                        "type": "icon-arrow-right",
                      },
                    ],
                    "props": {
                      "alignItems": "center",
                      "flexWrap": "nowrap",
                      "justifyContent": "flex-start",
                      "left": 0,
                      "position": "absolute",
                      "top": 0,
                      "width": 16,
                    },
                    "type": "block",
                  },
                  {
                    "children": [
                      {
                        "props": {
                          "color": "#333333",
                          "lineHeight": 1.35,
                          "size": 10.5,
                          "text": "Main skills (3 or more years each)",
                          "weight": 600,
                        },
                        "type": "text",
                      },
                      {
                        "props": {
                          "color": "#333333",
                          "lineHeight": 1.35,
                          "size": 10.5,
                          "text": "IntelliJ · SQL · XHTML1.0-HTML5 · CSS2-3 · SCSS · JavaScript · AngularJS · jQuery · Photoshop · Illustrator · Linux · Windows · MacOS · Symfony · Laravel · Wordpress · Apache · PHP · Git · ECMA Script · NodeJS · ReactJS · AWS (ex. EC2, ECR, ECS, RDS, IAM, S3) · Rest APIs · Docker",
                        },
                        "type": "text",
                      },
                      {
                        "props": {
                          "flexShrink": 1,
                          "height": 6,
                        },
                        "type": "block",
                      },
                    ],
                    "props": {
                      "flexBasis": 0,
                      "flexGrow": 1,
                      "flexWrap": "nowrap",
                    },
                    "type": "block",
                  },
                ],
                "props": {
                  "flexDirection": "row",
                  "flexWrap": "nowrap",
                  "paddingLeft": 16,
                },
                "type": "block",
              },
              {
                "children": [
                  {
                    "children": [
                      {
                        "props": {
                          "height": 2,
                        },
                        "type": "block",
                      },
                      {
                        "props": {
                          "color": "#333333",
                          "height": 8,
                          "width": 8,
                        },
                        "type": "icon-arrow-right",
                      },
                    ],
                    "props": {
                      "alignItems": "center",
                      "flexWrap": "nowrap",
                      "justifyContent": "flex-start",
                      "left": 0,
                      "position": "absolute",
                      "top": 0,
                      "width": 16,
                    },
                    "type": "block",
                  },
                  {
                    "children": [
                      {
                        "props": {
                          "color": "#333333",
                          "lineHeight": 1.35,
                          "size": 10.5,
                          "text": "Also focused on (2 or more years each)",
                          "weight": 600,
                        },
                        "type": "text",
                      },
                      {
                        "props": {
                          "color": "#333333",
                          "lineHeight": 1.35,
                          "size": 10.5,
                          "text": "ElasticSearch · Typescript · Nginx · APIs (ex. Facebook, Twitter, Google) · InDesign · OAuth · WebSockets · Sublime · VisualStudio · Jenkins · Serverless",
                        },
                        "type": "text",
                      },
                      {
                        "props": {
                          "flexShrink": 1,
                          "height": 6,
                        },
                        "type": "block",
                      },
                    ],
                    "props": {
                      "flexBasis": 0,
                      "flexGrow": 1,
                      "flexWrap": "nowrap",
                    },
                    "type": "block",
                  },
                ],
                "props": {
                  "flexDirection": "row",
                  "flexWrap": "nowrap",
                  "paddingLeft": 16,
                },
                "type": "block",
              },
            ],
            "props": {
              "flexWrap": "nowrap",
            },
            "type": "block",
          },
          {
            "props": {
              "flexGrow": 1,
            },
            "type": "block",
          },
          {
            "children": [
              {
                "children": [
                  {
                    "children": [
                      {
                        "props": {
                          "color": "#6ab9c8",
                          "height": 12,
                          "width": 12,
                        },
                        "type": "icon-bag",
                      },
                    ],
                    "props": {
                      "position": "relative",
                      "top": -3,
                    },
                    "type": "block",
                  },
                  {
                    "props": {
                      "width": 6,
                    },
                    "type": "block",
                  },
                  {
                    "children": [
                      {
                        "props": {
                          "color": "#333333",
                          "lineHeight": 1.2,
                          "size": 14,
                          "text": "Experience",
                          "weight": 600,
                        },
                        "type": "text",
                      },
                    ],
                    "props": {
                      "position": "relative",
                      "top": -1.54,
                    },
                    "type": "block",
                  },
                  {
                    "props": {
                      "width": 8,
                    },
                    "type": "block",
                  },
                  {
                    "props": {
                      "backgroundColor": "#6ab9c8",
                      "flexBasis": 0,
                      "flexGrow": 1,
                      "height": 1,
                    },
                    "type": "block",
                  },
                ],
                "props": {
                  "alignItems": "center",
                  "flexDirection": "row",
                  "flexWrap": "nowrap",
                },
                "type": "block",
              },
              {
                "props": {
                  "flexShrink": 1,
                  "height": 4,
                },
                "type": "block",
              },
              {
                "children": [
                  {
                    "props": {
                      "color": "#6ab9c8",
                      "endSize": "grow",
                      "iconSize": 10,
                      "orientation": "column",
                      "size": 20,
                      "startColor": "transparent",
                      "startSize": 15,
                    },
                    "type": "rail",
                  },
                  {
                    "props": {
                      "flexGrow": 0,
                      "width": 10,
                    },
                    "type": "block",
                  },
                  {
                    "children": [
                      {
                        "props": {
                          "flexShrink": 1,
                          "height": 10,
                        },
                        "type": "block",
                      },
                      {
                        "children": [
                          {
                            "children": [
                              {
                                "children": [
                                  {
                                    "props": {
                                      "color": "#666666",
                                      "lineHeight": 1.35,
                                      "size": 10.5,
                                      "text": " · Budapest, HU",
                                    },
                                    "type": "text",
                                  },
                                ],
                                "props": {
                                  "color": "#333333",
                                  "lineHeight": 1.35,
                                  "size": 10.5,
                                  "text": "Codra Kft.",
                                  "weight": 600,
                                },
                                "type": "text",
                              },
                            ],
                            "props": {
                              "flexBasis": 0,
                              "flexGrow": 1,
                              "flexWrap": "nowrap",
                            },
                            "type": "block",
                          },
                          {
                            "props": {
                              "width": 8,
                            },
                            "type": "block",
                          },
                          {
                            "props": {
                              "color": "#666666",
                              "lineHeight": 1.35,
                              "size": 10.5,
                              "text": "Aug 2009 – Dec 2011",
                            },
                            "type": "text",
                          },
                        ],
                        "props": {
                          "flexDirection": "row",
                          "flexWrap": "nowrap",
                        },
                        "type": "block",
                      },
                      {
                        "props": {
                          "color": "#1f7a8c",
                          "lineHeight": 1.35,
                          "size": 10.5,
                          "text": "Webdesign, and Development",
                          "weight": 600,
                        },
                        "type": "text",
                      },
                      {
                        "props": {
                          "flexShrink": 1,
                          "height": 3,
                        },
                        "type": "block",
                      },
                      {
                        "children": [
                          {
                            "children": [
                              {
                                "children": [
                                  {
                                    "props": {
                                      "node": "Codra",
                                    },
                                    "type": "fragment",
                                  },
                                ],
                                "props": {
                                  "color": "#1f7a8c",
                                  "src": "https://web.archive.org/web/20110227030706/https://codra.hu/webaruhaz/",
                                },
                                "type": "link",
                              },
                              {
                                "props": {
                                  "color": "#666666",
                                  "lineHeight": 1.35,
                                  "size": 9.5,
                                  "text": " (web.archive.org/web/20110227030706/https://codra.hu/webaruhaz)",
                                },
                                "type": "text",
                              },
                              {
                                "props": {
                                  "color": "#333333",
                                  "lineHeight": 1.35,
                                  "size": 10.5,
                                  "text": "was a distributor company for over 50 manufacturer (12 of them exclusively). For some time I’ve been a product manager too.",
                                },
                                "type": "text",
                              },
                            ],
                            "props": {
                              "color": "#333333",
                              "flexShrink": 1,
                              "lineHeight": 1.35,
                              "size": 10.5,
                              "text": "",
                            },
                            "type": "text",
                          },
                        ],
                        "props": {
                          "flexDirection": "row",
                          "flexWrap": "nowrap",
                        },
                        "type": "block",
                      },
                      {
                        "props": {
                          "flexShrink": 1,
                          "height": 3,
                        },
                        "type": "block",
                      },
                      {
                        "props": {
                          "color": "#333333",
                          "lineHeight": 1.35,
                          "size": 10.5,
                          "text": "Responsibilities",
                          "weight": 600,
                        },
                        "type": "text",
                      },
                      {
                        "children": [
                          {
                            "children": [
                              {
                                "props": {
                                  "height": 2,
                                },
                                "type": "block",
                              },
                              {
                                "props": {
                                  "color": "#333333",
                                  "height": 8,
                                  "width": 8,
                                },
                                "type": "icon-arrow-right",
                              },
                            ],
                            "props": {
                              "alignItems": "center",
                              "flexWrap": "nowrap",
                              "justifyContent": "flex-start",
                              "left": 0,
                              "position": "absolute",
                              "top": 0,
                              "width": 16,
                            },
                            "type": "block",
                          },
                          {
                            "children": [
                              {
                                "children": [
                                  {
                                    "props": {
                                      "node": "Site maintenance, Editing newsletters",
                                    },
                                    "type": "fragment",
                                  },
                                ],
                                "props": {
                                  "color": "#333333",
                                  "lineHeight": 1.35,
                                  "size": 10.5,
                                  "text": "",
                                },
                                "type": "text",
                              },
                            ],
                            "props": {
                              "flexBasis": 0,
                              "flexGrow": 1,
                              "flexWrap": "nowrap",
                            },
                            "type": "block",
                          },
                        ],
                        "props": {
                          "flexDirection": "row",
                          "flexWrap": "nowrap",
                          "paddingLeft": 16,
                        },
                        "type": "block",
                      },
                      {
                        "children": [
                          {
                            "children": [
                              {
                                "props": {
                                  "height": 2,
                                },
                                "type": "block",
                              },
                              {
                                "props": {
                                  "color": "#333333",
                                  "height": 8,
                                  "width": 8,
                                },
                                "type": "icon-arrow-right",
                              },
                            ],
                            "props": {
                              "alignItems": "center",
                              "flexWrap": "nowrap",
                              "justifyContent": "flex-start",
                              "left": 0,
                              "position": "absolute",
                              "top": 0,
                              "width": 16,
                            },
                            "type": "block",
                          },
                          {
                            "children": [
                              {
                                "children": [
                                  {
                                    "props": {
                                      "node": "Design (Photoshop, Illustrator), Development (PHP, MySQL, JavaScript, HTML, CSS)",
                                    },
                                    "type": "fragment",
                                  },
                                ],
                                "props": {
                                  "color": "#333333",
                                  "lineHeight": 1.35,
                                  "size": 10.5,
                                  "text": "",
                                },
                                "type": "text",
                              },
                            ],
                            "props": {
                              "flexBasis": 0,
                              "flexGrow": 1,
                              "flexWrap": "nowrap",
                            },
                            "type": "block",
                          },
                        ],
                        "props": {
                          "flexDirection": "row",
                          "flexWrap": "nowrap",
                          "paddingLeft": 16,
                        },
                        "type": "block",
                      },
                      {
                        "children": [
                          {
                            "children": [
                              {
                                "props": {
                                  "height": 2,
                                },
                                "type": "block",
                              },
                              {
                                "props": {
                                  "color": "#333333",
                                  "height": 8,
                                  "width": 8,
                                },
                                "type": "icon-arrow-right",
                              },
                            ],
                            "props": {
                              "alignItems": "center",
                              "flexWrap": "nowrap",
                              "justifyContent": "flex-start",
                              "left": 0,
                              "position": "absolute",
                              "top": 0,
                              "width": 16,
                            },
                            "type": "block",
                          },
                          {
                            "children": [
                              {
                                "children": [
                                  {
                                    "props": {
                                      "node": "Project done: webshop (osCommerce), blog",
                                    },
                                    "type": "fragment",
                                  },
                                ],
                                "props": {
                                  "color": "#333333",
                                  "lineHeight": 1.35,
                                  "size": 10.5,
                                  "text": "",
                                },
                                "type": "text",
                              },
                            ],
                            "props": {
                              "flexBasis": 0,
                              "flexGrow": 1,
                              "flexWrap": "nowrap",
                            },
                            "type": "block",
                          },
                        ],
                        "props": {
                          "flexDirection": "row",
                          "flexWrap": "nowrap",
                          "paddingLeft": 16,
                        },
                        "type": "block",
                      },
                      {
                        "props": {
                          "flexShrink": 1,
                          "height": 3,
                        },
                        "type": "block",
                      },
                      {
                        "props": {
                          "color": "#333333",
                          "lineHeight": 1.35,
                          "size": 10.5,
                          "text": "Achievements",
                          "weight": 600,
                        },
                        "type": "text",
                      },
                      {
                        "children": [
                          {
                            "children": [
                              {
                                "props": {
                                  "height": 2,
                                },
                                "type": "block",
                              },
                              {
                                "props": {
                                  "color": "#333333",
                                  "height": 8,
                                  "width": 8,
                                },
                                "type": "icon-arrow-right",
                              },
                            ],
                            "props": {
                              "alignItems": "center",
                              "flexWrap": "nowrap",
                              "justifyContent": "flex-start",
                              "left": 0,
                              "position": "absolute",
                              "top": 0,
                              "width": 16,
                            },
                            "type": "block",
                          },
                          {
                            "children": [
                              {
                                "props": {
                                  "color": "#333333",
                                  "lineHeight": 1.35,
                                  "size": 10.5,
                                  "text": "Making the whole company’s brand (web, and printed)",
                                },
                                "type": "text",
                              },
                            ],
                            "props": {
                              "flexBasis": 0,
                              "flexGrow": 1,
                              "flexWrap": "nowrap",
                            },
                            "type": "block",
                          },
                        ],
                        "props": {
                          "flexDirection": "row",
                          "flexWrap": "nowrap",
                          "paddingLeft": 16,
                        },
                        "type": "block",
                      },
                      {
                        "props": {
                          "flexShrink": 10,
                          "height": 20,
                        },
                        "type": "block",
                      },
                      {
                        "props": {
                          "flexShrink": 1,
                          "height": 10,
                        },
                        "type": "block",
                      },
                    ],
                    "props": {
                      "flexBasis": 0,
                      "flexGrow": 1,
                      "flexWrap": "nowrap",
                    },
                    "type": "block",
                  },
                ],
                "props": {
                  "flexDirection": "row",
                  "flexGrow": 1,
                  "flexWrap": "nowrap",
                  "height": undefined,
                  "paddingLeft": 10,
                  "paddingRight": 10,
                },
                "type": "block",
              },
            ],
            "props": {
              "flexWrap": "nowrap",
            },
            "type": "block",
          },
          {
            "props": {
              "height": 10,
            },
            "type": "block",
          },
          {
            "props": {
              "flexShrink": 1,
              "height": 6,
            },
            "type": "block",
          },
          {
            "children": [
              {
                "props": {
                  "color": "#666666",
                  "lineHeight": 1.35,
                  "size": 9.5,
                  "text": "Page 1 of 2",
                },
                "type": "text",
              },
            ],
            "props": {
              "flexDirection": "row",
              "flexWrap": "nowrap",
              "justifyContent": "flex-end",
              "paddingRight": 10,
            },
            "type": "block",
          },
          {
            "props": {
              "flexShrink": 1,
              "height": 8,
            },
            "type": "block",
          },
        ],
        "props": {
          "fontFamily": "Open-Sans",
          "size": "A4",
        },
        "type": "page",
      },
      {
        "children": [
          {
            "props": {
              "height": 40,
            },
            "type": "block",
          },
          {
            "children": [
              {
                "children": [
                  {
                    "props": {
                      "color": "#6ab9c8",
                      "height": 12,
                      "width": 12,
                    },
                    "type": "icon-graduation",
                  },
                ],
                "props": {
                  "position": "relative",
                  "top": -3,
                },
                "type": "block",
              },
              {
                "props": {
                  "width": 6,
                },
                "type": "block",
              },
              {
                "children": [
                  {
                    "props": {
                      "color": "#333333",
                      "lineHeight": 1.2,
                      "size": 14,
                      "text": "Education",
                      "weight": 600,
                    },
                    "type": "text",
                  },
                ],
                "props": {
                  "position": "relative",
                  "top": -1.54,
                },
                "type": "block",
              },
              {
                "props": {
                  "width": 8,
                },
                "type": "block",
              },
              {
                "props": {
                  "backgroundColor": "#6ab9c8",
                  "flexBasis": 0,
                  "flexGrow": 1,
                  "height": 1,
                },
                "type": "block",
              },
            ],
            "props": {
              "alignItems": "center",
              "flexDirection": "row",
              "flexWrap": "nowrap",
            },
            "type": "block",
          },
          {
            "props": {
              "flexShrink": 1,
              "height": 4,
            },
            "type": "block",
          },
          {
            "children": [
              {
                "props": {
                  "color": "#6ab9c8",
                  "endSize": "grow",
                  "iconSize": 10,
                  "orientation": "column",
                  "size": 20,
                  "startColor": "transparent",
                  "startSize": 15,
                },
                "type": "rail",
              },
              {
                "props": {
                  "flexGrow": 0,
                  "width": 10,
                },
                "type": "block",
              },
              {
                "children": [
                  {
                    "props": {
                      "flexShrink": 1,
                      "height": 10,
                    },
                    "type": "block",
                  },
                  {
                    "children": [
                      {
                        "children": [
                          {
                            "children": [
                              {
                                "props": {
                                  "color": "#666666",
                                  "lineHeight": 1.35,
                                  "size": 10.5,
                                  "text": " · Budapest, HU",
                                },
                                "type": "text",
                              },
                            ],
                            "props": {
                              "color": "#333333",
                              "lineHeight": 1.35,
                              "size": 10.5,
                              "text": "Kalmár László IT secondary School",
                              "weight": 600,
                            },
                            "type": "text",
                          },
                        ],
                        "props": {
                          "flexBasis": 0,
                          "flexGrow": 1,
                          "flexWrap": "nowrap",
                        },
                        "type": "block",
                      },
                      {
                        "props": {
                          "width": 8,
                        },
                        "type": "block",
                      },
                      {
                        "props": {
                          "color": "#666666",
                          "lineHeight": 1.35,
                          "size": 10.5,
                          "text": "2007",
                        },
                        "type": "text",
                      },
                    ],
                    "props": {
                      "flexDirection": "row",
                      "flexWrap": "nowrap",
                    },
                    "type": "block",
                  },
                  {
                    "props": {
                      "height": 3,
                    },
                    "type": "block",
                  },
                  {
                    "children": [
                      {
                        "props": {
                          "color": "#1f7a8c",
                          "lineHeight": 1.35,
                          "size": 10.5,
                          "text": "Matura",
                          "weight": 600,
                        },
                        "type": "text",
                      },
                      {
                        "children": [
                          {
                            "children": [
                              {
                                "props": {
                                  "height": 2,
                                },
                                "type": "block",
                              },
                              {
                                "props": {
                                  "color": "#333333",
                                  "height": 8,
                                  "width": 8,
                                },
                                "type": "icon-arrow-right",
                              },
                            ],
                            "props": {
                              "alignItems": "center",
                              "flexWrap": "nowrap",
                              "justifyContent": "flex-start",
                              "left": 0,
                              "position": "absolute",
                              "top": 0,
                              "width": 16,
                            },
                            "type": "block",
                          },
                          {
                            "children": [
                              {
                                "props": {
                                  "color": "#333333",
                                  "lineHeight": 1.35,
                                  "size": 10.5,
                                  "text": "Professional programmer degree",
                                },
                                "type": "text",
                              },
                            ],
                            "props": {
                              "flexBasis": 0,
                              "flexGrow": 1,
                              "flexWrap": "nowrap",
                            },
                            "type": "block",
                          },
                        ],
                        "props": {
                          "flexDirection": "row",
                          "flexWrap": "nowrap",
                          "paddingLeft": 16,
                        },
                        "type": "block",
                      },
                    ],
                    "props": {},
                    "type": "block",
                  },
                  {
                    "props": {
                      "flexShrink": 1,
                      "height": 10,
                    },
                    "type": "block",
                  },
                ],
                "props": {
                  "flexBasis": 0,
                  "flexGrow": 1,
                  "flexWrap": "nowrap",
                },
                "type": "block",
              },
            ],
            "props": {
              "flexDirection": "row",
              "flexGrow": 1,
              "flexWrap": "nowrap",
              "height": undefined,
              "paddingLeft": 10,
              "paddingRight": 10,
            },
            "type": "block",
          },
          {
            "children": [
              {
                "props": {
                  "color": "#6ab9c8",
                  "endSize": 0,
                  "iconSize": 10,
                  "orientation": "column",
                  "size": 20,
                  "startColor": "#6ab9c8",
                  "startSize": 15,
                },
                "type": "rail",
              },
              {
                "props": {
                  "flexGrow": 0,
                  "width": 10,
                },
                "type": "block",
              },
              {
                "children": [
                  {
                    "props": {
                      "flexShrink": 1,
                      "height": 10,
                    },
                    "type": "block",
                  },
                  {
                    "children": [
                      {
                        "children": [
                          {
                            "children": [
                              {
                                "props": {
                                  "color": "#666666",
                                  "lineHeight": 1.35,
                                  "size": 10.5,
                                  "text": " · Budapest, HU",
                                },
                                "type": "text",
                              },
                            ],
                            "props": {
                              "color": "#333333",
                              "lineHeight": 1.35,
                              "size": 10.5,
                              "text": "SZIE – Ybl Miklós Faculty of Building",
                              "weight": 600,
                            },
                            "type": "text",
                          },
                        ],
                        "props": {
                          "flexBasis": 0,
                          "flexGrow": 1,
                          "flexWrap": "nowrap",
                        },
                        "type": "block",
                      },
                      {
                        "props": {
                          "width": 8,
                        },
                        "type": "block",
                      },
                      {
                        "props": {
                          "color": "#666666",
                          "lineHeight": 1.35,
                          "size": 10.5,
                          "text": "2007 – 2011",
                        },
                        "type": "text",
                      },
                    ],
                    "props": {
                      "flexDirection": "row",
                      "flexWrap": "nowrap",
                    },
                    "type": "block",
                  },
                  {
                    "props": {
                      "height": 3,
                    },
                    "type": "block",
                  },
                  {
                    "children": [
                      {
                        "props": {
                          "color": "#1f7a8c",
                          "lineHeight": 1.35,
                          "size": 10.5,
                          "text": "Bsc education",
                          "weight": 600,
                        },
                        "type": "text",
                      },
                      {
                        "children": [
                          {
                            "children": [
                              {
                                "props": {
                                  "height": 2,
                                },
                                "type": "block",
                              },
                              {
                                "props": {
                                  "color": "#333333",
                                  "height": 8,
                                  "width": 8,
                                },
                                "type": "icon-arrow-right",
                              },
                            ],
                            "props": {
                              "alignItems": "center",
                              "flexWrap": "nowrap",
                              "justifyContent": "flex-start",
                              "left": 0,
                              "position": "absolute",
                              "top": 0,
                              "width": 16,
                            },
                            "type": "block",
                          },
                          {
                            "children": [
                              {
                                "props": {
                                  "color": "#333333",
                                  "lineHeight": 1.35,
                                  "size": 10.5,
                                  "text": "Architect engineer",
                                },
                                "type": "text",
                              },
                            ],
                            "props": {
                              "flexBasis": 0,
                              "flexGrow": 1,
                              "flexWrap": "nowrap",
                            },
                            "type": "block",
                          },
                        ],
                        "props": {
                          "flexDirection": "row",
                          "flexWrap": "nowrap",
                          "paddingLeft": 16,
                        },
                        "type": "block",
                      },
                    ],
                    "props": {},
                    "type": "block",
                  },
                  {
                    "children": [
                      {
                        "props": {
                          "color": "#333333",
                          "lineHeight": 1.35,
                          "size": 10.5,
                          "text": "Achievements",
                          "weight": 600,
                        },
                        "type": "text",
                      },
                      {
                        "children": [
                          {
                            "children": [
                              {
                                "props": {
                                  "height": 2,
                                },
                                "type": "block",
                              },
                              {
                                "props": {
                                  "color": "#333333",
                                  "height": 8,
                                  "width": 8,
                                },
                                "type": "icon-arrow-right",
                              },
                            ],
                            "props": {
                              "alignItems": "center",
                              "flexWrap": "nowrap",
                              "justifyContent": "flex-start",
                              "left": 0,
                              "position": "absolute",
                              "top": 0,
                              "width": 16,
                            },
                            "type": "block",
                          },
                          {
                            "children": [
                              {
                                "props": {
                                  "color": "#333333",
                                  "lineHeight": 1.35,
                                  "size": 10.5,
                                  "text": "Additional skills earned: AutoCAD, ArchiCAD",
                                },
                                "type": "text",
                              },
                            ],
                            "props": {
                              "flexBasis": 0,
                              "flexGrow": 1,
                              "flexWrap": "nowrap",
                            },
                            "type": "block",
                          },
                        ],
                        "props": {
                          "flexDirection": "row",
                          "flexWrap": "nowrap",
                          "paddingLeft": 16,
                        },
                        "type": "block",
                      },
                    ],
                    "props": {},
                    "type": "block",
                  },
                  {
                    "props": {
                      "flexShrink": 1,
                      "height": 10,
                    },
                    "type": "block",
                  },
                ],
                "props": {
                  "flexBasis": 0,
                  "flexGrow": 1,
                  "flexWrap": "nowrap",
                },
                "type": "block",
              },
            ],
            "props": {
              "flexDirection": "row",
              "flexGrow": 0,
              "flexWrap": "nowrap",
              "height": undefined,
              "paddingLeft": 10,
              "paddingRight": 10,
            },
            "type": "block",
          },
          {
            "props": {
              "height": 20,
            },
            "type": "block",
          },
          {
            "children": [
              {
                "children": [
                  {
                    "props": {
                      "color": "#6ab9c8",
                      "height": 12,
                      "width": 12,
                    },
                    "type": "icon-flower",
                  },
                ],
                "props": {
                  "position": "relative",
                  "top": -3,
                },
                "type": "block",
              },
              {
                "props": {
                  "width": 6,
                },
                "type": "block",
              },
              {
                "children": [
                  {
                    "props": {
                      "color": "#333333",
                      "lineHeight": 1.2,
                      "size": 14,
                      "text": "Interests",
                      "weight": 600,
                    },
                    "type": "text",
                  },
                ],
                "props": {
                  "position": "relative",
                  "top": -1.54,
                },
                "type": "block",
              },
              {
                "props": {
                  "width": 8,
                },
                "type": "block",
              },
              {
                "props": {
                  "backgroundColor": "#6ab9c8",
                  "flexBasis": 0,
                  "flexGrow": 1,
                  "height": 1,
                },
                "type": "block",
              },
            ],
            "props": {
              "alignItems": "center",
              "flexDirection": "row",
              "flexWrap": "nowrap",
            },
            "type": "block",
          },
          {
            "props": {
              "flexShrink": 1,
              "height": 4,
            },
            "type": "block",
          },
          {
            "props": {
              "height": 10,
            },
            "type": "block",
          },
          {
            "children": [
              {
                "children": [
                  {
                    "props": {
                      "height": 2,
                    },
                    "type": "block",
                  },
                  {
                    "props": {
                      "color": "#333333",
                      "height": 8,
                      "width": 8,
                    },
                    "type": "icon-arrow-right",
                  },
                ],
                "props": {
                  "alignItems": "center",
                  "flexWrap": "nowrap",
                  "justifyContent": "flex-start",
                  "left": 0,
                  "position": "absolute",
                  "top": 0,
                  "width": 16,
                },
                "type": "block",
              },
              {
                "children": [
                  {
                    "props": {
                      "color": "#333333",
                      "lineHeight": 1.35,
                      "size": 10.5,
                      "text": "Photography",
                    },
                    "type": "text",
                  },
                ],
                "props": {
                  "flexBasis": 0,
                  "flexGrow": 1,
                  "flexWrap": "nowrap",
                },
                "type": "block",
              },
            ],
            "props": {
              "flexDirection": "row",
              "flexWrap": "nowrap",
              "paddingLeft": 16,
            },
            "type": "block",
          },
          {
            "children": [
              {
                "children": [
                  {
                    "props": {
                      "height": 2,
                    },
                    "type": "block",
                  },
                  {
                    "props": {
                      "color": "#333333",
                      "height": 8,
                      "width": 8,
                    },
                    "type": "icon-arrow-right",
                  },
                ],
                "props": {
                  "alignItems": "center",
                  "flexWrap": "nowrap",
                  "justifyContent": "flex-start",
                  "left": 0,
                  "position": "absolute",
                  "top": 0,
                  "width": 16,
                },
                "type": "block",
              },
              {
                "children": [
                  {
                    "props": {
                      "color": "#333333",
                      "lineHeight": 1.35,
                      "size": 10.5,
                      "text": "Arts (drawing, statuary, architecture)",
                    },
                    "type": "text",
                  },
                ],
                "props": {
                  "flexBasis": 0,
                  "flexGrow": 1,
                  "flexWrap": "nowrap",
                },
                "type": "block",
              },
            ],
            "props": {
              "flexDirection": "row",
              "flexWrap": "nowrap",
              "paddingLeft": 16,
            },
            "type": "block",
          },
          {
            "children": [
              {
                "children": [
                  {
                    "props": {
                      "height": 2,
                    },
                    "type": "block",
                  },
                  {
                    "props": {
                      "color": "#333333",
                      "height": 8,
                      "width": 8,
                    },
                    "type": "icon-arrow-right",
                  },
                ],
                "props": {
                  "alignItems": "center",
                  "flexWrap": "nowrap",
                  "justifyContent": "flex-start",
                  "left": 0,
                  "position": "absolute",
                  "top": 0,
                  "width": 16,
                },
                "type": "block",
              },
              {
                "children": [
                  {
                    "props": {
                      "color": "#333333",
                      "lineHeight": 1.35,
                      "size": 10.5,
                      "text": "Music (even playing on guitar, harp, drums)",
                    },
                    "type": "text",
                  },
                ],
                "props": {
                  "flexBasis": 0,
                  "flexGrow": 1,
                  "flexWrap": "nowrap",
                },
                "type": "block",
              },
            ],
            "props": {
              "flexDirection": "row",
              "flexWrap": "nowrap",
              "paddingLeft": 16,
            },
            "type": "block",
          },
          {
            "props": {
              "height": 20,
            },
            "type": "block",
          },
          {
            "children": [
              {
                "children": [
                  {
                    "props": {
                      "color": "#6ab9c8",
                      "height": 12,
                      "width": 12,
                    },
                    "type": "icon-star",
                  },
                ],
                "props": {
                  "position": "relative",
                  "top": -3,
                },
                "type": "block",
              },
              {
                "props": {
                  "width": 6,
                },
                "type": "block",
              },
              {
                "children": [
                  {
                    "props": {
                      "color": "#333333",
                      "lineHeight": 1.2,
                      "size": 14,
                      "text": "Projects",
                      "weight": 600,
                    },
                    "type": "text",
                  },
                ],
                "props": {
                  "position": "relative",
                  "top": -1.54,
                },
                "type": "block",
              },
              {
                "props": {
                  "width": 8,
                },
                "type": "block",
              },
              {
                "props": {
                  "backgroundColor": "#6ab9c8",
                  "flexBasis": 0,
                  "flexGrow": 1,
                  "height": 1,
                },
                "type": "block",
              },
            ],
            "props": {
              "alignItems": "center",
              "flexDirection": "row",
              "flexWrap": "nowrap",
            },
            "type": "block",
          },
          {
            "props": {
              "flexShrink": 1,
              "height": 4,
            },
            "type": "block",
          },
          {
            "props": {
              "flexShrink": 1,
              "height": 10,
            },
            "type": "block",
          },
          {
            "children": [
              {
                "children": [
                  {
                    "props": {
                      "height": 2,
                    },
                    "type": "block",
                  },
                  {
                    "props": {
                      "color": "#333333",
                      "height": 8,
                      "width": 8,
                    },
                    "type": "icon-arrow-right",
                  },
                ],
                "props": {
                  "alignItems": "center",
                  "flexWrap": "nowrap",
                  "justifyContent": "flex-start",
                  "left": 0,
                  "position": "absolute",
                  "top": 0,
                  "width": 16,
                },
                "type": "block",
              },
              {
                "children": [
                  {
                    "children": [
                      {
                        "children": [
                          {
                            "props": {
                              "node": "magyartop.hu",
                            },
                            "type": "fragment",
                          },
                        ],
                        "props": {
                          "color": "#1f7a8c",
                          "src": "http://magyartop.hu/",
                        },
                        "type": "link",
                      },
                      {
                        "props": {
                          "node": " (Own toplist for Hungarian websites)",
                        },
                        "type": "fragment",
                      },
                    ],
                    "props": {
                      "color": "#333333",
                      "lineHeight": 1.35,
                      "size": 10.5,
                      "text": "",
                    },
                    "type": "text",
                  },
                  {
                    "props": {
                      "flexShrink": 1,
                      "height": 3,
                    },
                    "type": "block",
                  },
                ],
                "props": {
                  "flexBasis": 0,
                  "flexGrow": 1,
                  "flexWrap": "nowrap",
                },
                "type": "block",
              },
            ],
            "props": {
              "flexDirection": "row",
              "flexWrap": "nowrap",
              "paddingLeft": 16,
            },
            "type": "block",
          },
          {
            "children": [
              {
                "children": [
                  {
                    "props": {
                      "height": 2,
                    },
                    "type": "block",
                  },
                  {
                    "props": {
                      "color": "#333333",
                      "height": 8,
                      "width": 8,
                    },
                    "type": "icon-arrow-right",
                  },
                ],
                "props": {
                  "alignItems": "center",
                  "flexWrap": "nowrap",
                  "justifyContent": "flex-start",
                  "left": 0,
                  "position": "absolute",
                  "top": 0,
                  "width": 16,
                },
                "type": "block",
              },
              {
                "children": [
                  {
                    "children": [
                      {
                        "children": [
                          {
                            "props": {
                              "node": "chris.koro.si",
                            },
                            "type": "fragment",
                          },
                        ],
                        "props": {
                          "color": "#1f7a8c",
                          "src": "https://chris.koro.si/",
                        },
                        "type": "link",
                      },
                      {
                        "props": {
                          "node": " (Personal website)",
                        },
                        "type": "fragment",
                      },
                    ],
                    "props": {
                      "color": "#333333",
                      "lineHeight": 1.35,
                      "size": 10.5,
                      "text": "",
                    },
                    "type": "text",
                  },
                  {
                    "props": {
                      "flexShrink": 1,
                      "height": 3,
                    },
                    "type": "block",
                  },
                ],
                "props": {
                  "flexBasis": 0,
                  "flexGrow": 1,
                  "flexWrap": "nowrap",
                },
                "type": "block",
              },
            ],
            "props": {
              "flexDirection": "row",
              "flexWrap": "nowrap",
              "paddingLeft": 16,
            },
            "type": "block",
          },
          {
            "props": {
              "height": 20,
            },
            "type": "block",
          },
          {
            "children": [
              {
                "children": [
                  {
                    "props": {
                      "color": "#6ab9c8",
                      "height": 12,
                      "width": 12,
                    },
                    "type": "icon-info",
                  },
                ],
                "props": {
                  "position": "relative",
                  "top": -3,
                },
                "type": "block",
              },
              {
                "props": {
                  "width": 6,
                },
                "type": "block",
              },
              {
                "children": [
                  {
                    "props": {
                      "color": "#333333",
                      "lineHeight": 1.2,
                      "size": 14,
                      "text": "Additional information",
                      "weight": 600,
                    },
                    "type": "text",
                  },
                ],
                "props": {
                  "position": "relative",
                  "top": -1.54,
                },
                "type": "block",
              },
              {
                "props": {
                  "width": 8,
                },
                "type": "block",
              },
              {
                "props": {
                  "backgroundColor": "#6ab9c8",
                  "flexBasis": 0,
                  "flexGrow": 1,
                  "height": 1,
                },
                "type": "block",
              },
            ],
            "props": {
              "alignItems": "center",
              "flexDirection": "row",
              "flexWrap": "nowrap",
            },
            "type": "block",
          },
          {
            "props": {
              "flexShrink": 1,
              "height": 4,
            },
            "type": "block",
          },
          {
            "props": {
              "height": 10,
            },
            "type": "block",
          },
          {
            "children": [
              {
                "children": [
                  {
                    "props": {
                      "height": 2,
                    },
                    "type": "block",
                  },
                  {
                    "props": {
                      "color": "#333333",
                      "height": 8,
                      "width": 8,
                    },
                    "type": "icon-arrow-right",
                  },
                ],
                "props": {
                  "alignItems": "center",
                  "flexWrap": "nowrap",
                  "justifyContent": "flex-start",
                  "left": 0,
                  "position": "absolute",
                  "top": 0,
                  "width": 16,
                },
                "type": "block",
              },
              {
                "children": [
                  {
                    "props": {
                      "color": "#333333",
                      "lineHeight": 1.35,
                      "size": 10.5,
                      "text": "Coming from an agile background, I have around 11 years’ experience working with",
                    },
                    "type": "text",
                  },
                  {
                    "props": {
                      "height": 3,
                    },
                    "type": "block",
                  },
                ],
                "props": {
                  "flexBasis": 0,
                  "flexGrow": 1,
                  "flexWrap": "nowrap",
                },
                "type": "block",
              },
            ],
            "props": {
              "flexDirection": "row",
              "flexWrap": "nowrap",
              "paddingLeft": 16,
            },
            "type": "block",
          },
          {
            "children": [
              {
                "children": [
                  {
                    "props": {
                      "height": 2,
                    },
                    "type": "block",
                  },
                  {
                    "props": {
                      "color": "#333333",
                      "height": 8,
                      "width": 8,
                    },
                    "type": "icon-arrow-right",
                  },
                ],
                "props": {
                  "alignItems": "center",
                  "flexWrap": "nowrap",
                  "justifyContent": "flex-start",
                  "left": 0,
                  "position": "absolute",
                  "top": 0,
                  "width": 16,
                },
                "type": "block",
              },
              {
                "children": [
                  {
                    "props": {
                      "color": "#333333",
                      "lineHeight": 1.35,
                      "size": 10.5,
                      "text": "Javascript. I have worked in TDD, BDD, Scrum and Kanban environments too",
                    },
                    "type": "text",
                  },
                  {
                    "props": {
                      "height": 3,
                    },
                    "type": "block",
                  },
                ],
                "props": {
                  "flexBasis": 0,
                  "flexGrow": 1,
                  "flexWrap": "nowrap",
                },
                "type": "block",
              },
            ],
            "props": {
              "flexDirection": "row",
              "flexWrap": "nowrap",
              "paddingLeft": 16,
            },
            "type": "block",
          },
          {
            "props": {
              "flexGrow": 1,
            },
            "type": "block",
          },
          {
            "props": {
              "flexShrink": 1,
              "height": 6,
            },
            "type": "block",
          },
          {
            "children": [
              {
                "props": {
                  "color": "#666666",
                  "lineHeight": 1.35,
                  "size": 9.5,
                  "text": "Page 2 of 2",
                },
                "type": "text",
              },
            ],
            "props": {
              "flexDirection": "row",
              "flexWrap": "nowrap",
              "justifyContent": "flex-end",
              "paddingRight": 10,
            },
            "type": "block",
          },
          {
            "props": {
              "flexShrink": 1,
              "height": 8,
            },
            "type": "block",
          },
        ],
        "props": {
          "fontFamily": "Open-Sans",
          "justifyContent": "flex-start",
          "size": "A4",
        },
        "type": "page",
      },
    ],
    "props": {
      "author": "Krisztian Korosi",
      "keywords": "IntelliJ, SQL, XHTML1.0-HTML5, CSS2-3, SCSS, JavaScript, AngularJS, jQuery, Photoshop, Illustrator, Linux, Windows, MacOS, Symfony, Laravel, Wordpress, Apache, PHP, Git, ECMA Script, NodeJS, ReactJS, AWS (ex. EC2, ECR, ECS, RDS, IAM, S3), Rest APIs, Docker, ElasticSearch, Typescript, Nginx, APIs (ex. Facebook, Twitter, Google), InDesign, OAuth, WebSockets, Sublime, VisualStudio, Jenkins, Serverless",
      "language": "en",
      "subject": "Full-stack developer",
      "title": "Krisztian Korosi – CV",
    },
    "type": "document",
  },
]
`;
