// Jest Snapshot v1, https://goo.gl/fbAQLP

exports[`transformCv should transform cv with lightblue scheme 1`] = `
[
  {
    "children": [
      {
        "children": [
          {
            "children": [
              {
                "props": {
                  "height": 20,
                },
                "type": "block",
              },
              {
                "children": [
                  {
                    "props": {
                      "color": "#6ab9c8",
                      "lineHeight": 1.2,
                      "text": "/**",
                    },
                    "type": "text",
                  },
                  {
                    "props": {
                      "width": 6,
                    },
                    "type": "block",
                  },
                  {
                    "children": [
                      {
                        "children": [
                          {
                            "props": {
                              "color": "#6ab9c8",
                              "lineHeight": 1.2,
                              "text": "@links:",
                            },
                            "type": "text",
                          },
                          {
                            "props": {
                              "width": 6,
                            },
                            "type": "block",
                          },
                          {
                            "children": [
                              {
                                "props": {
                                  "color": "#6ab9c8",
                                  "height": 12,
                                  "width": 12,
                                },
                                "type": "icon-github",
                              },
                            ],
                            "props": {
                              "position": "relative",
                              "top": -3,
                            },
                            "type": "block",
                          },
                          {
                            "props": {
                              "width": 3,
                            },
                            "type": "block",
                          },
                          {
                            "props": {
                              "color": "#6ab9c8",
                              "lineHeight": 1.2,
                              "text": "github.com/Koeroesi86",
                            },
                            "type": "text",
                          },
                        ],
                        "props": {
                          "flexDirection": "row",
                        },
                        "type": "block",
                      },
                    ],
                    "props": {
                      "src": "https://github.com/Koeroesi86",
                      "underline": false,
                    },
                    "type": "link",
                  },
                  {
                    "props": {
                      "width": 6,
                    },
                    "type": "block",
                  },
                  {
                    "props": {
                      "color": "#6ab9c8",
                      "lineHeight": 1.2,
                      "text": "||",
                    },
                    "type": "text",
                  },
                  {
                    "props": {
                      "width": 6,
                    },
                    "type": "block",
                  },
                  {
                    "children": [
                      {
                        "children": [
                          {
                            "children": [
                              {
                                "props": {
                                  "color": "#6ab9c8",
                                  "height": 12,
                                  "width": 12,
                                },
                                "type": "icon-folder",
                              },
                            ],
                            "props": {
                              "position": "relative",
                              "top": -3,
                            },
                            "type": "block",
                          },
                          {
                            "props": {
                              "width": 3,
                            },
                            "type": "block",
                          },
                          {
                            "props": {
                              "color": "#6ab9c8",
                              "lineHeight": 1.2,
                              "text": "chris.koro.si",
                            },
                            "type": "text",
                          },
                        ],
                        "props": {
                          "flexDirection": "row",
                        },
                        "type": "block",
                      },
                    ],
                    "props": {
                      "src": "https://chris.koro.si",
                      "underline": false,
                    },
                    "type": "link",
                  },
                  {
                    "props": {
                      "width": 6,
                    },
                    "type": "block",
                  },
                  {
                    "props": {
                      "color": "#6ab9c8",
                      "lineHeight": 1.2,
                      "text": "*/",
                    },
                    "type": "text",
                  },
                ],
                "props": {
                  "flexDirection": "row",
                  "justifyContent": "flex-start",
                },
                "type": "block",
              },
              {
                "props": {
                  "height": 2,
                },
                "type": "block",
              },
              {
                "children": [
                  {
                    "props": {
                      "color": "#6ab9c8",
                      "lineHeight": 1.2,
                      "text": "/**",
                    },
                    "type": "text",
                  },
                  {
                    "props": {
                      "width": 6,
                    },
                    "type": "block",
                  },
                  {
                    "props": {
                      "color": "#6ab9c8",
                      "lineHeight": 1.2,
                      "size": 12,
                      "text": "@links:",
                    },
                    "type": "text",
                  },
                  {
                    "props": {
                      "width": 6,
                    },
                    "type": "block",
                  },
                  {
                    "children": [
                      {
                        "props": {
                          "color": "#6ab9c8",
                          "lineHeight": 1.2,
                          "text": "undefined",
                        },
                        "type": "text",
                      },
                    ],
                    "props": {
                      "src": "tel:undefined",
                      "underline": false,
                    },
                    "type": "link",
                  },
                  {
                    "props": {
                      "width": 6,
                    },
                    "type": "block",
                  },
                  {
                    "props": {
                      "color": "#6ab9c8",
                      "lineHeight": 1.2,
                      "text": "*/",
                    },
                    "type": "text",
                  },
                ],
                "props": {
                  "flexDirection": "row",
                  "justifyContent": "flex-start",
                },
                "type": "block",
              },
              {
                "props": {
                  "height": 2,
                },
                "type": "block",
              },
              {
                "children": [
                  {
                    "props": {
                      "color": "#6ab9c8",
                      "lineHeight": 1.2,
                      "text": "/**",
                    },
                    "type": "text",
                  },
                  {
                    "props": {
                      "width": 6,
                    },
                    "type": "block",
                  },
                  {
                    "props": {
                      "color": "#6ab9c8",
                      "lineHeight": 1.2,
                      "size": 12,
                      "text": "@var",
                    },
                    "type": "text",
                  },
                  {
                    "props": {
                      "width": 6,
                    },
                    "type": "block",
                  },
                  {
                    "props": {
                      "color": "#6ab9c8",
                      "lineHeight": 1.2,
                      "size": 12,
                      "text": "{Full-stack developer} Krisz",
                    },
                    "type": "text",
                  },
                  {
                    "props": {
                      "width": 6,
                    },
                    "type": "block",
                  },
                  {
                    "props": {
                      "color": "#6ab9c8",
                      "lineHeight": 1.2,
                      "text": "*/",
                    },
                    "type": "text",
                  },
                ],
                "props": {
                  "flexDirection": "row",
                  "justifyContent": "flex-start",
                },
                "type": "block",
              },
              {
                "props": {
                  "height": 6,
                },
                "type": "block",
              },
              {
                "props": {
                  "color": "#1d1d1b",
                  "lineHeight": 1.2,
                  "size": 24,
                  "text": "Krisztian Korosi",
                },
                "type": "text",
              },
            ],
            "props": {},
            "type": "block",
          },
          {
            "props": {
              "flexGrow": 1,
            },
            "type": "block",
          },
          {
            "children": [
              {
                "children": [
                  {
                    "props": {
                      "width": 6,
                    },
                    "type": "block",
                  },
                  {
                    "children": [
                      {
                        "props": {
                          "color": "#1d1d1b",
                          "height": 16,
                          "width": 16,
                        },
                        "type": "icon-flame",
                      },
                    ],
                    "props": {
                      "position": "relative",
                      "top": -3,
                    },
                    "type": "block",
                  },
                  {
                    "props": {
                      "width": 6,
                    },
                    "type": "block",
                  },
                  {
                    "props": {
                      "color": "#1d1d1b",
                      "lineHeight": 1.6,
                      "size": 18,
                      "text": "Desire",
                      "weight": 600,
                    },
                    "type": "text",
                  },
                ],
                "props": {
                  "flexDirection": "row",
                },
                "type": "block",
              },
              {
                "props": {
                  "backgroundColor": "#6ab9c8",
                  "height": 3,
                  "width": 160,
                },
                "type": "block",
              },
              {
                "props": {
                  "height": 10,
                },
                "type": "block",
              },
              {
                "children": [
                  {
                    "props": {
                      "width": 20,
                    },
                    "type": "block",
                  },
                  {
                    "children": [
                      {
                        "props": {
                          "color": "#1d1d1b",
                          "lineHeight": 1.2,
                          "text": "My desire is to always improve myself and attain new skills, to keep up with the latest technologies.",
                        },
                        "type": "text",
                      },
                    ],
                    "props": {
                      "flexGrow": 1,
                    },
                    "type": "block",
                  },
                ],
                "props": {
                  "flexDirection": "row",
                },
                "type": "block",
              },
            ],
            "props": {},
            "type": "block",
          },
          {
            "props": {
              "flexGrow": 1,
            },
            "type": "block",
          },
          {
            "children": [
              {
                "children": [
                  {
                    "props": {
                      "width": 6,
                    },
                    "type": "block",
                  },
                  {
                    "children": [
                      {
                        "props": {
                          "color": "#1d1d1b",
                          "height": 16,
                          "width": 16,
                        },
                        "type": "icon-check",
                      },
                    ],
                    "props": {
                      "position": "relative",
                      "top": -3,
                    },
                    "type": "block",
                  },
                  {
                    "props": {
                      "width": 6,
                    },
                    "type": "block",
                  },
                  {
                    "props": {
                      "color": "#1d1d1b",
                      "lineHeight": 1.6,
                      "size": 18,
                      "text": "Skills",
                      "weight": 600,
                    },
                    "type": "text",
                  },
                ],
                "props": {
                  "flexDirection": "row",
                },
                "type": "block",
              },
              {
                "props": {
                  "backgroundColor": "#6ab9c8",
                  "height": 3,
                  "width": 160,
                },
                "type": "block",
              },
              {
                "props": {
                  "height": 10,
                },
                "type": "block",
              },
              {
                "children": [
                  {
                    "children": [
                      {
                        "props": {
                          "height": 2,
                        },
                        "type": "block",
                      },
                      {
                        "props": {
                          "color": "#1d1d1b",
                          "height": 8,
                          "width": 8,
                        },
                        "type": "icon-arrow-right",
                      },
                    ],
                    "props": {
                      "alignItems": "center",
                      "flexGrow": 0,
                      "flexWrap": "nowrap",
                      "justifyContent": "flex-start",
                      "width": 16,
                    },
                    "type": "block",
                  },
                  {
                    "children": [
                      {
                        "props": {
                          "color": "#1d1d1b",
                          "lineHeight": 1.2,
                          "text": "Main skills (3 or more years each)",
                          "weight": 700,
                        },
                        "type": "text",
                      },
                      {
                        "props": {
                          "height": 2,
                        },
                        "type": "block",
                      },
                      {
                        "children": [
                          {
                            "props": {
                              "color": "#1d1d1b",
                              "lineHeight": 1.2,
                              "text": "IntelliJ, SQL, XHTML1.0-HTML5, CSS2-3, SCSS, JavaScript, AngularJS, jQuery, Photoshop, Illustrator, Linux, Windows, MacOS, Symfony, Laravel, Wordpress, Apache, PHP, Git, ECMA Script, NodeJS, ReactJS, AWS (ex. EC2, ECR, ECS, RDS, IAM, S3), Rest APIs, Docker",
                            },
                            "type": "text",
                          },
                        ],
                        "props": {
                          "width": 500,
                        },
                        "type": "block",
                      },
                      {
                        "props": {
                          "height": 6,
                        },
                        "type": "block",
                      },
                    ],
                    "props": {},
                    "type": "block",
                  },
                ],
                "props": {
                  "flexDirection": "row",
                  "flexWrap": "nowrap",
                },
                "type": "block",
              },
              {
                "children": [
                  {
                    "children": [
                      {
                        "props": {
                          "height": 2,
                        },
                        "type": "block",
                      },
                      {
                        "props": {
                          "color": "#1d1d1b",
                          "height": 8,
                          "width": 8,
                        },
                        "type": "icon-arrow-right",
                      },
                    ],
                    "props": {
                      "alignItems": "center",
                      "flexGrow": 0,
                      "flexWrap": "nowrap",
                      "justifyContent": "flex-start",
                      "width": 16,
                    },
                    "type": "block",
                  },
                  {
                    "children": [
                      {
                        "props": {
                          "color": "#1d1d1b",
                          "lineHeight": 1.2,
                          "text": "Also focused on (2 or more years each)",
                          "weight": 700,
                        },
                        "type": "text",
                      },
                      {
                        "props": {
                          "height": 2,
                        },
                        "type": "block",
                      },
                      {
                        "children": [
                          {
                            "props": {
                              "color": "#1d1d1b",
                              "lineHeight": 1.2,
                              "text": "ElasticSearch, Typescript, Nginx, APIs (ex. Facebook, Twitter, Google), InDesign, OAuth, WebSockets, Sublime, VisualStudio, Jenkins, Serverless",
                            },
                            "type": "text",
                          },
                        ],
                        "props": {
                          "width": 500,
                        },
                        "type": "block",
                      },
                      {
                        "props": {
                          "height": 6,
                        },
                        "type": "block",
                      },
                    ],
                    "props": {},
                    "type": "block",
                  },
                ],
                "props": {
                  "flexDirection": "row",
                  "flexWrap": "nowrap",
                },
                "type": "block",
              },
            ],
            "props": {},
            "type": "block",
          },
          {
            "props": {
              "flexGrow": 1,
            },
            "type": "block",
          },
          {
            "children": [
              {
                "children": [
                  {
                    "props": {
                      "width": 6,
                    },
                    "type": "block",
                  },
                  {
                    "children": [
                      {
                        "props": {
                          "color": "#1d1d1b",
                          "height": 16,
                          "width": 16,
                        },
                        "type": "icon-bag",
                      },
                    ],
                    "props": {
                      "position": "relative",
                      "top": -3,
                    },
                    "type": "block",
                  },
                  {
                    "props": {
                      "width": 6,
                    },
                    "type": "block",
                  },
                  {
                    "props": {
                      "color": "#1d1d1b",
                      "lineHeight": 1.6,
                      "size": 18,
                      "text": "Experiences",
                      "weight": 600,
                    },
                    "type": "text",
                  },
                ],
                "props": {
                  "flexDirection": "row",
                },
                "type": "block",
              },
              {
                "props": {
                  "backgroundColor": "#6ab9c8",
                  "height": 3,
                  "width": 160,
                },
                "type": "block",
              },
              {
                "children": [
                  {
                    "props": {
                      "flexGrow": 0,
                      "width": 10,
                    },
                    "type": "block",
                  },
                  {
                    "props": {
                      "color": "#6ab9c8",
                      "endSize": "grow",
                      "iconSize": 10,
                      "orientation": "column",
                      "size": 20,
                      "startSize": 15,
                    },
                    "type": "rail",
                  },
                  {
                    "props": {
                      "flexGrow": 0,
                      "width": 10,
                    },
                    "type": "block",
                  },
                  {
                    "children": [
                      {
                        "props": {
                          "height": 10,
                        },
                        "type": "block",
                      },
                      {
                        "props": {
                          "color": "#1d1d1b",
                          "lineHeight": 1.2,
                          "text": "Codra Kft. (Budapest H-1119)",
                          "weight": 700,
                        },
                        "type": "text",
                      },
                      {
                        "props": {
                          "height": 3,
                        },
                        "type": "block",
                      },
                      {
                        "props": {
                          "backgroundColor": "#d3d3d3",
                          "height": 1,
                          "width": 400,
                        },
                        "type": "block",
                      },
                      {
                        "props": {
                          "height": 1,
                        },
                        "type": "block",
                      },
                      {
                        "props": {
                          "color": "#1d1d1b",
                          "lineHeight": 1.2,
                          "text": "2009 Aug. - 2011 Dec.",
                        },
                        "type": "text",
                      },
                      {
                        "props": {
                          "height": 3,
                        },
                        "type": "block",
                      },
                      {
                        "children": [
                          {
                            "children": [
                              {
                                "children": [
                                  {
                                    "props": {
                                      "node": "Codra",
                                    },
                                    "type": "fragment",
                                  },
                                ],
                                "props": {
                                  "color": "#6ab9c8",
                                  "src": "https://web.archive.org/web/20110227030706/https://codra.hu/webaruhaz/",
                                },
                                "type": "link",
                              },
                              {
                                "props": {
                                  "color": "#1d1d1b",
                                  "lineHeight": 1.2,
                                  "text": "was a distributor company for over 50 manufacturer (12 of them exclusively). For some time I’ve been a product manager too.",
                                },
                                "type": "text",
                              },
                            ],
                            "props": {
                              "color": "#1d1d1b",
                              "lineHeight": 1.2,
                              "text": "",
                            },
                            "type": "text",
                          },
                        ],
                        "props": {
                          "flexDirection": "row",
                        },
                        "type": "block",
                      },
                      {
                        "props": {
                          "height": 3,
                        },
                        "type": "block",
                      },
                      {
                        "children": [
                          {
                            "props": {
                              "color": "#1d1d1b",
                              "lineHeight": 1.2,
                              "text": "Role:",
                              "weight": 700,
                            },
                            "type": "text",
                          },
                          {
                            "props": {
                              "width": 6,
                            },
                            "type": "block",
                          },
                          {
                            "props": {
                              "color": "#1d1d1b",
                              "lineHeight": 1.2,
                              "text": "Webdesign, and Development",
                            },
                            "type": "text",
                          },
                        ],
                        "props": {
                          "flexDirection": "row",
                        },
                        "type": "block",
                      },
                      {
                        "props": {
                          "height": 3,
                        },
                        "type": "block",
                      },
                      {
                        "props": {
                          "color": "#1d1d1b",
                          "lineHeight": 1.2,
                          "text": "Responsibilities",
                          "weight": 700,
                        },
                        "type": "text",
                      },
                      {
                        "children": [
                          {
                            "children": [
                              {
                                "props": {
                                  "height": 2,
                                },
                                "type": "block",
                              },
                              {
                                "props": {
                                  "color": "#1d1d1b",
                                  "height": 8,
                                  "width": 8,
                                },
                                "type": "icon-arrow-right",
                              },
                            ],
                            "props": {
                              "alignItems": "center",
                              "flexGrow": 0,
                              "flexWrap": "nowrap",
                              "justifyContent": "flex-start",
                              "width": 16,
                            },
                            "type": "block",
                          },
                          {
                            "children": [
                              {
                                "children": [
                                  {
                                    "props": {
                                      "node": "Site maintenance, Editing newsletters",
                                    },
                                    "type": "fragment",
                                  },
                                ],
                                "props": {
                                  "color": "#1d1d1b",
                                  "lineHeight": 1.2,
                                  "text": "",
                                },
                                "type": "text",
                              },
                            ],
                            "props": {},
                            "type": "block",
                          },
                        ],
                        "props": {
                          "flexDirection": "row",
                          "flexWrap": "nowrap",
                        },
                        "type": "block",
                      },
                      {
                        "children": [
                          {
                            "children": [
                              {
                                "props": {
                                  "height": 2,
                                },
                                "type": "block",
                              },
                              {
                                "props": {
                                  "color": "#1d1d1b",
                                  "height": 8,
                                  "width": 8,
                                },
                                "type": "icon-arrow-right",
                              },
                            ],
                            "props": {
                              "alignItems": "center",
                              "flexGrow": 0,
                              "flexWrap": "nowrap",
                              "justifyContent": "flex-start",
                              "width": 16,
                            },
                            "type": "block",
                          },
                          {
                            "children": [
                              {
                                "children": [
                                  {
                                    "props": {
                                      "node": "Design (Photoshop, Illustrator), Development (PHP, MySQL, JavaScript, HTML, CSS)",
                                    },
                                    "type": "fragment",
                                  },
                                ],
                                "props": {
                                  "color": "#1d1d1b",
                                  "lineHeight": 1.2,
                                  "text": "",
                                },
                                "type": "text",
                              },
                            ],
                            "props": {},
                            "type": "block",
                          },
                        ],
                        "props": {
                          "flexDirection": "row",
                          "flexWrap": "nowrap",
                        },
                        "type": "block",
                      },
                      {
                        "children": [
                          {
                            "children": [
                              {
                                "props": {
                                  "height": 2,
                                },
                                "type": "block",
                              },
                              {
                                "props": {
                                  "color": "#1d1d1b",
                                  "height": 8,
                                  "width": 8,
                                },
                                "type": "icon-arrow-right",
                              },
                            ],
                            "props": {
                              "alignItems": "center",
                              "flexGrow": 0,
                              "flexWrap": "nowrap",
                              "justifyContent": "flex-start",
                              "width": 16,
                            },
                            "type": "block",
                          },
                          {
                            "children": [
                              {
                                "children": [
                                  {
                                    "props": {
                                      "node": "Project done: webshop (osCommerce), blog",
                                    },
                                    "type": "fragment",
                                  },
                                ],
                                "props": {
                                  "color": "#1d1d1b",
                                  "lineHeight": 1.2,
                                  "text": "",
                                },
                                "type": "text",
                              },
                            ],
                            "props": {},
                            "type": "block",
                          },
                        ],
                        "props": {
                          "flexDirection": "row",
                          "flexWrap": "nowrap",
                        },
                        "type": "block",
                      },
                      {
                        "props": {
                          "height": 3,
                        },
                        "type": "block",
                      },
                      {
                        "props": {
                          "color": "#1d1d1b",
                          "lineHeight": 1.2,
                          "text": "Achievements",
                          "weight": 700,
                        },
                        "type": "text",
                      },
                      {
                        "children": [
                          {
                            "children": [
                              {
                                "props": {
                                  "height": 2,
                                },
                                "type": "block",
                              },
                              {
                                "props": {
                                  "color": "#1d1d1b",
                                  "height": 8,
                                  "width": 8,
                                },
                                "type": "icon-arrow-right",
                              },
                            ],
                            "props": {
                              "alignItems": "center",
                              "flexGrow": 0,
                              "flexWrap": "nowrap",
                              "justifyContent": "flex-start",
                              "width": 16,
                            },
                            "type": "block",
                          },
                          {
                            "children": [
                              {
                                "props": {
                                  "color": "#1d1d1b",
                                  "lineHeight": 1.2,
                                  "text": "Making the whole company’s brand (web, and printed)",
                                },
                                "type": "text",
                              },
                            ],
                            "props": {},
                            "type": "block",
                          },
                        ],
                        "props": {
                          "flexDirection": "row",
                          "flexWrap": "nowrap",
                        },
                        "type": "block",
                      },
                      {
                        "props": {
                          "height": 20,
                        },
                        "type": "block",
                      },
                      {
                        "props": {
                          "height": 10,
                        },
                        "type": "block",
                      },
                    ],
                    "props": {
                      "flexGrow": 1,
                      "flexWrap": "nowrap",
                    },
                    "type": "block",
                  },
                  {
                    "props": {
                      "flexGrow": 0,
                      "width": 10,
                    },
                    "type": "block",
                  },
                ],
                "props": {
                  "flexDirection": "row",
                  "flexGrow": 1,
                  "flexWrap": "nowrap",
                  "height": undefined,
                },
                "type": "block",
              },
            ],
            "props": {},
            "type": "block",
          },
          {
            "props": {
              "height": 10,
            },
            "type": "block",
          },
          {
            "props": {
              "height": 6,
            },
            "type": "block",
          },
          {
            "children": [
              {
                "props": {
                  "color": "#1d1d1b",
                  "lineHeight": 1.2,
                  "text": "1",
                  "weight": 600,
                },
                "type": "text",
              },
              {
                "props": {
                  "width": 3,
                },
                "type": "block",
              },
              {
                "props": {
                  "color": "#1d1d1b",
                  "lineHeight": 1.2,
                  "text": "|",
                },
                "type": "text",
              },
              {
                "props": {
                  "width": 3,
                },
                "type": "block",
              },
              {
                "props": {
                  "color": "#1d1d1b",
                  "lineHeight": 1.2,
                  "text": "Page",
                },
                "type": "text",
              },
              {
                "props": {
                  "width": 20,
                },
                "type": "block",
              },
            ],
            "props": {
              "flexDirection": "row",
              "justifyContent": "flex-end",
            },
            "type": "block",
          },
          {
            "props": {
              "height": 8,
            },
            "type": "block",
          },
        ],
        "props": {
          "fontFamily": "Open-Sans",
          "size": "A4",
        },
        "type": "page",
      },
      {
        "children": [
          {
            "props": {
              "height": 40,
            },
            "type": "block",
          },
          {
            "children": [
              {
                "props": {
                  "width": 6,
                },
                "type": "block",
              },
              {
                "children": [
                  {
                    "props": {
                      "color": "#1d1d1b",
                      "height": 16,
                      "width": 16,
                    },
                    "type": "icon-graduation",
                  },
                ],
                "props": {
                  "position": "relative",
                  "top": -3,
                },
                "type": "block",
              },
              {
                "props": {
                  "width": 6,
                },
                "type": "block",
              },
              {
                "props": {
                  "color": "#1d1d1b",
                  "lineHeight": 1.6,
                  "size": 18,
                  "text": "Studies",
                  "weight": 600,
                },
                "type": "text",
              },
            ],
            "props": {
              "flexDirection": "row",
            },
            "type": "block",
          },
          {
            "props": {
              "backgroundColor": "#6ab9c8",
              "height": 3,
              "width": 160,
            },
            "type": "block",
          },
          {
            "children": [
              {
                "props": {
                  "flexGrow": 0,
                  "width": 10,
                },
                "type": "block",
              },
              {
                "props": {
                  "color": "#6ab9c8",
                  "endSize": "grow",
                  "iconSize": 10,
                  "orientation": "column",
                  "size": 20,
                  "startSize": 15,
                },
                "type": "rail",
              },
              {
                "props": {
                  "flexGrow": 0,
                  "width": 10,
                },
                "type": "block",
              },
              {
                "children": [
                  {
                    "props": {
                      "height": 10,
                    },
                    "type": "block",
                  },
                  {
                    "props": {
                      "color": "#1d1d1b",
                      "lineHeight": 1.2,
                      "text": "Kalmár László IT secondary School (Budapest H-1027)",
                      "weight": 600,
                    },
                    "type": "text",
                  },
                  {
                    "props": {
                      "backgroundColor": "#d3d3d3",
                      "height": 1,
                      "width": 400,
                    },
                    "type": "block",
                  },
                  {
                    "props": {
                      "color": "#1d1d1b",
                      "lineHeight": 1.2,
                      "text": "2007",
                    },
                    "type": "text",
                  },
                  {
                    "props": {
                      "height": 3,
                    },
                    "type": "block",
                  },
                  {
                    "children": [
                      {
                        "props": {
                          "color": "#1d1d1b",
                          "lineHeight": 1.2,
                          "text": "Matura",
                          "weight": 600,
                        },
                        "type": "text",
                      },
                      {
                        "children": [
                          {
                            "children": [
                              {
                                "props": {
                                  "height": 2,
                                },
                                "type": "block",
                              },
                              {
                                "props": {
                                  "color": "#1d1d1b",
                                  "height": 8,
                                  "width": 8,
                                },
                                "type": "icon-arrow-right",
                              },
                            ],
                            "props": {
                              "alignItems": "center",
                              "flexGrow": 0,
                              "flexWrap": "nowrap",
                              "justifyContent": "flex-start",
                              "width": 16,
                            },
                            "type": "block",
                          },
                          {
                            "children": [
                              {
                                "props": {
                                  "color": "#1d1d1b",
                                  "lineHeight": 1.2,
                                  "text": "Professional programmer degree",
                                },
                                "type": "text",
                              },
                            ],
                            "props": {},
                            "type": "block",
                          },
                        ],
                        "props": {
                          "flexDirection": "row",
                          "flexWrap": "nowrap",
                        },
                        "type": "block",
                      },
                    ],
                    "props": {},
                    "type": "block",
                  },
                  {
                    "props": {
                      "height": 10,
                    },
                    "type": "block",
                  },
                ],
                "props": {
                  "flexGrow": 1,
                  "flexWrap": "nowrap",
                },
                "type": "block",
              },
              {
                "props": {
                  "flexGrow": 0,
                  "width": 10,
                },
                "type": "block",
              },
            ],
            "props": {
              "flexDirection": "row",
              "flexGrow": 1,
              "flexWrap": "nowrap",
              "height": undefined,
            },
            "type": "block",
          },
          {
            "children": [
              {
                "props": {
                  "flexGrow": 0,
                  "width": 10,
                },
                "type": "block",
              },
              {
                "props": {
                  "color": "#6ab9c8",
                  "endSize": 0,
                  "iconSize": 10,
                  "orientation": "column",
                  "size": 20,
                  "startSize": 15,
                },
                "type": "rail",
              },
              {
                "props": {
                  "flexGrow": 0,
                  "width": 10,
                },
                "type": "block",
              },
              {
                "children": [
                  {
                    "props": {
                      "height": 10,
                    },
                    "type": "block",
                  },
                  {
                    "props": {
                      "color": "#1d1d1b",
                      "lineHeight": 1.2,
                      "text": "SZIE – Ybl Miklós Faculty of Building (Budapest H-1146)",
                      "weight": 600,
                    },
                    "type": "text",
                  },
                  {
                    "props": {
                      "backgroundColor": "#d3d3d3",
                      "height": 1,
                      "width": 400,
                    },
                    "type": "block",
                  },
                  {
                    "props": {
                      "color": "#1d1d1b",
                      "lineHeight": 1.2,
                      "text": "2007 - 2011",
                    },
                    "type": "text",
                  },
                  {
                    "props": {
                      "height": 3,
                    },
                    "type": "block",
                  },
                  {
                    "children": [
                      {
                        "props": {
                          "color": "#1d1d1b",
                          "lineHeight": 1.2,
                          "text": "Bsc education",
                          "weight": 600,
                        },
                        "type": "text",
                      },
                      {
                        "children": [
                          {
                            "children": [
                              {
                                "props": {
                                  "height": 2,
                                },
                                "type": "block",
                              },
                              {
                                "props": {
                                  "color": "#1d1d1b",
                                  "height": 8,
                                  "width": 8,
                                },
                                "type": "icon-arrow-right",
                              },
                            ],
                            "props": {
                              "alignItems": "center",
                              "flexGrow": 0,
                              "flexWrap": "nowrap",
                              "justifyContent": "flex-start",
                              "width": 16,
                            },
                            "type": "block",
                          },
                          {
                            "children": [
                              {
                                "props": {
                                  "color": "#1d1d1b",
                                  "lineHeight": 1.2,
                                  "text": "Architect engineer",
                                },
                                "type": "text",
                              },
                            ],
                            "props": {},
                            "type": "block",
                          },
                        ],
                        "props": {
                          "flexDirection": "row",
                          "flexWrap": "nowrap",
                        },
                        "type": "block",
                      },
                    ],
                    "props": {},
                    "type": "block",
                  },
                  {
                    "children": [
                      {
                        "props": {
                          "color": "#1d1d1b",
                          "lineHeight": 1.2,
                          "text": "Achievements",
                          "weight": 600,
                        },
                        "type": "text",
                      },
                      {
                        "children": [
                          {
                            "children": [
                              {
                                "props": {
                                  "height": 2,
                                },
                                "type": "block",
                              },
                              {
                                "props": {
                                  "color": "#1d1d1b",
                                  "height": 8,
                                  "width": 8,
                                },
                                "type": "icon-arrow-right",
                              },
                            ],
                            "props": {
                              "alignItems": "center",
                              "flexGrow": 0,
                              "flexWrap": "nowrap",
                              "justifyContent": "flex-start",
                              "width": 16,
                            },
                            "type": "block",
                          },
                          {
                            "children": [
                              {
                                "props": {
                                  "color": "#1d1d1b",
                                  "lineHeight": 1.2,
                                  "text": "Additional skills earned: AutoCAD, ArchiCAD",
                                },
                                "type": "text",
                              },
                            ],
                            "props": {},
                            "type": "block",
                          },
                        ],
                        "props": {
                          "flexDirection": "row",
                          "flexWrap": "nowrap",
                        },
                        "type": "block",
                      },
                    ],
                    "props": {},
                    "type": "block",
                  },
                  {
                    "props": {
                      "height": 10,
                    },
                    "type": "block",
                  },
                ],
                "props": {
                  "flexGrow": 1,
                  "flexWrap": "nowrap",
                },
                "type": "block",
              },
              {
                "props": {
                  "flexGrow": 0,
                  "width": 10,
                },
                "type": "block",
              },
            ],
            "props": {
              "flexDirection": "row",
              "flexGrow": 0,
              "flexWrap": "nowrap",
              "height": undefined,
            },
            "type": "block",
          },
          {
            "props": {
              "height": 20,
            },
            "type": "block",
          },
          {
            "children": [
              {
                "props": {
                  "width": 6,
                },
                "type": "block",
              },
              {
                "children": [
                  {
                    "props": {
                      "color": "#1d1d1b",
                      "height": 16,
                      "width": 16,
                    },
                    "type": "icon-flower",
                  },
                ],
                "props": {
                  "position": "relative",
                  "top": -3,
                },
                "type": "block",
              },
              {
                "props": {
                  "width": 6,
                },
                "type": "block",
              },
              {
                "props": {
                  "color": "#1d1d1b",
                  "lineHeight": 1.6,
                  "size": 18,
                  "text": "Interests",
                  "weight": 600,
                },
                "type": "text",
              },
            ],
            "props": {
              "flexDirection": "row",
            },
            "type": "block",
          },
          {
            "props": {
              "backgroundColor": "#6ab9c8",
              "height": 3,
              "width": 160,
            },
            "type": "block",
          },
          {
            "props": {
              "height": 10,
            },
            "type": "block",
          },
          {
            "children": [
              {
                "children": [
                  {
                    "props": {
                      "height": 2,
                    },
                    "type": "block",
                  },
                  {
                    "props": {
                      "color": "#1d1d1b",
                      "height": 8,
                      "width": 8,
                    },
                    "type": "icon-arrow-right",
                  },
                ],
                "props": {
                  "alignItems": "center",
                  "flexGrow": 0,
                  "flexWrap": "nowrap",
                  "justifyContent": "flex-start",
                  "width": 16,
                },
                "type": "block",
              },
              {
                "children": [
                  {
                    "props": {
                      "color": "#1d1d1b",
                      "lineHeight": 1.2,
                      "text": "Photography",
                    },
                    "type": "text",
                  },
                ],
                "props": {},
                "type": "block",
              },
            ],
            "props": {
              "flexDirection": "row",
              "flexWrap": "nowrap",
            },
            "type": "block",
          },
          {
            "children": [
              {
                "children": [
                  {
                    "props": {
                      "height": 2,
                    },
                    "type": "block",
                  },
                  {
                    "props": {
                      "color": "#1d1d1b",
                      "height": 8,
                      "width": 8,
                    },
                    "type": "icon-arrow-right",
                  },
                ],
                "props": {
                  "alignItems": "center",
                  "flexGrow": 0,
                  "flexWrap": "nowrap",
                  "justifyContent": "flex-start",
                  "width": 16,
                },
                "type": "block",
              },
              {
                "children": [
                  {
                    "props": {
                      "color": "#1d1d1b",
                      "lineHeight": 1.2,
                      "text": "Arts (drawing, statuary, architecture)",
                    },
                    "type": "text",
                  },
                ],
                "props": {},
                "type": "block",
              },
            ],
            "props": {
              "flexDirection": "row",
              "flexWrap": "nowrap",
            },
            "type": "block",
          },
          {
            "children": [
              {
                "children": [
                  {
                    "props": {
                      "height": 2,
                    },
                    "type": "block",
                  },
                  {
                    "props": {
                      "color": "#1d1d1b",
                      "height": 8,
                      "width": 8,
                    },
                    "type": "icon-arrow-right",
                  },
                ],
                "props": {
                  "alignItems": "center",
                  "flexGrow": 0,
                  "flexWrap": "nowrap",
                  "justifyContent": "flex-start",
                  "width": 16,
                },
                "type": "block",
              },
              {
                "children": [
                  {
                    "props": {
                      "color": "#1d1d1b",
                      "lineHeight": 1.2,
                      "text": "Music (even playing on guitar, harp, drums)",
                    },
                    "type": "text",
                  },
                ],
                "props": {},
                "type": "block",
              },
            ],
            "props": {
              "flexDirection": "row",
              "flexWrap": "nowrap",
            },
            "type": "block",
          },
          {
            "props": {
              "height": 20,
            },
            "type": "block",
          },
          {
            "children": [
              {
                "props": {
                  "width": 6,
                },
                "type": "block",
              },
              {
                "children": [
                  {
                    "props": {
                      "color": "#1d1d1b",
                      "height": 16,
                      "width": 16,
                    },
                    "type": "icon-star",
                  },
                ],
                "props": {
                  "position": "relative",
                  "top": -3,
                },
                "type": "block",
              },
              {
                "props": {
                  "width": 6,
                },
                "type": "block",
              },
              {
                "props": {
                  "color": "#1d1d1b",
                  "lineHeight": 1.6,
                  "size": 18,
                  "text": "Favorites",
                  "weight": 600,
                },
                "type": "text",
              },
            ],
            "props": {
              "flexDirection": "row",
            },
            "type": "block",
          },
          {
            "props": {
              "backgroundColor": "#6ab9c8",
              "height": 3,
              "width": 160,
            },
            "type": "block",
          },
          {
            "props": {
              "height": 10,
            },
            "type": "block",
          },
          {
            "children": [
              {
                "children": [
                  {
                    "props": {
                      "height": 2,
                    },
                    "type": "block",
                  },
                  {
                    "props": {
                      "color": "#1d1d1b",
                      "height": 8,
                      "width": 8,
                    },
                    "type": "icon-arrow-right",
                  },
                ],
                "props": {
                  "alignItems": "center",
                  "flexGrow": 0,
                  "flexWrap": "nowrap",
                  "justifyContent": "flex-start",
                  "width": 16,
                },
                "type": "block",
              },
              {
                "children": [
                  {
                    "children": [
                      {
                        "children": [
                          {
                            "props": {
                              "color": "#6ab9c8",
                              "lineHeight": 1.2,
                              "text": "magyartop.hu",
                            },
                            "type": "text",
                          },
                        ],
                        "props": {
                          "color": "#6ab9c8",
                          "src": "http://magyartop.hu/",
                        },
                        "type": "link",
                      },
                      {
                        "props": {
                          "width": 6,
                        },
                        "type": "block",
                      },
                      {
                        "props": {
                          "color": "#1d1d1b",
                          "lineHeight": 1.2,
                          "text": "(Own toplist for Hungarian websites)",
                        },
                        "type": "text",
                      },
                    ],
                    "props": {
                      "flexDirection": "row",
                    },
                    "type": "block",
                  },
                ],
                "props": {},
                "type": "block",
              },
            ],
            "props": {
              "flexDirection": "row",
              "flexWrap": "nowrap",
            },
            "type": "block",
          },
          {
            "children": [
              {
                "children": [
                  {
                    "props": {
                      "height": 2,
                    },
                    "type": "block",
                  },
                  {
                    "props": {
                      "color": "#1d1d1b",
                      "height": 8,
                      "width": 8,
                    },
                    "type": "icon-arrow-right",
                  },
                ],
                "props": {
                  "alignItems": "center",
                  "flexGrow": 0,
                  "flexWrap": "nowrap",
                  "justifyContent": "flex-start",
                  "width": 16,
                },
                "type": "block",
              },
              {
                "children": [
                  {
                    "children": [
                      {
                        "children": [
                          {
                            "props": {
                              "color": "#6ab9c8",
                              "lineHeight": 1.2,
                              "text": "chris.koro.si",
                            },
                            "type": "text",
                          },
                        ],
                        "props": {
                          "color": "#6ab9c8",
                          "src": "https://chris.koro.si/",
                        },
                        "type": "link",
                      },
                      {
                        "props": {
                          "width": 6,
                        },
                        "type": "block",
                      },
                      {
                        "props": {
                          "color": "#1d1d1b",
                          "lineHeight": 1.2,
                          "text": "(Personal website)",
                        },
                        "type": "text",
                      },
                    ],
                    "props": {
                      "flexDirection": "row",
                    },
                    "type": "block",
                  },
                ],
                "props": {},
                "type": "block",
              },
            ],
            "props": {
              "flexDirection": "row",
              "flexWrap": "nowrap",
            },
            "type": "block",
          },
          {
            "props": {
              "height": 20,
            },
            "type": "block",
          },
          {
            "children": [
              {
                "props": {
                  "width": 6,
                },
                "type": "block",
              },
              {
                "children": [
                  {
                    "props": {
                      "color": "#1d1d1b",
                      "height": 16,
                      "width": 16,
                    },
                    "type": "icon-info",
                  },
                ],
                "props": {
                  "position": "relative",
                  "top": -3,
                },
                "type": "block",
              },
              {
                "props": {
                  "width": 6,
                },
                "type": "block",
              },
              {
                "props": {
                  "color": "#1d1d1b",
                  "lineHeight": 1.6,
                  "size": 18,
                  "text": "Plus info",
                  "weight": 600,
                },
                "type": "text",
              },
            ],
            "props": {
              "flexDirection": "row",
            },
            "type": "block",
          },
          {
            "props": {
              "backgroundColor": "#6ab9c8",
              "height": 3,
              "width": 160,
            },
            "type": "block",
          },
          {
            "props": {
              "height": 10,
            },
            "type": "block",
          },
          {
            "children": [
              {
                "children": [
                  {
                    "props": {
                      "height": 2,
                    },
                    "type": "block",
                  },
                  {
                    "props": {
                      "color": "#1d1d1b",
                      "height": 8,
                      "width": 8,
                    },
                    "type": "icon-arrow-right",
                  },
                ],
                "props": {
                  "alignItems": "center",
                  "flexGrow": 0,
                  "flexWrap": "nowrap",
                  "justifyContent": "flex-start",
                  "width": 16,
                },
                "type": "block",
              },
              {
                "children": [
                  {
                    "props": {
                      "color": "#1d1d1b",
                      "lineHeight": 1.2,
                      "text": "Coming from an agile background, I have around 11 years’ experience working with",
                    },
                    "type": "text",
                  },
                  {
                    "props": {
                      "height": 3,
                    },
                    "type": "block",
                  },
                ],
                "props": {},
                "type": "block",
              },
            ],
            "props": {
              "flexDirection": "row",
              "flexWrap": "nowrap",
            },
            "type": "block",
          },
          {
            "children": [
              {
                "children": [
                  {
                    "props": {
                      "height": 2,
                    },
                    "type": "block",
                  },
                  {
                    "props": {
                      "color": "#1d1d1b",
                      "height": 8,
                      "width": 8,
                    },
                    "type": "icon-arrow-right",
                  },
                ],
                "props": {
                  "alignItems": "center",
                  "flexGrow": 0,
                  "flexWrap": "nowrap",
                  "justifyContent": "flex-start",
                  "width": 16,
                },
                "type": "block",
              },
              {
                "children": [
                  {
                    "props": {
                      "color": "#1d1d1b",
                      "lineHeight": 1.2,
                      "text": "Javascript. I have worked in TDD, BDD, Scrum and Kanban environments too",
                    },
                    "type": "text",
                  },
                  {
                    "props": {
                      "height": 3,
                    },
                    "type": "block",
                  },
                ],
                "props": {},
                "type": "block",
              },
            ],
            "props": {
              "flexDirection": "row",
              "flexWrap": "nowrap",
            },
            "type": "block",
          },
          {
            "props": {
              "flexGrow": 1,
            },
            "type": "block",
          },
          {
            "props": {
              "height": 6,
            },
            "type": "block",
          },
          {
            "children": [
              {
                "props": {
                  "color": "#1d1d1b",
                  "lineHeight": 1.2,
                  "text": "2",
                  "weight": 600,
                },
                "type": "text",
              },
              {
                "props": {
                  "width": 3,
                },
                "type": "block",
              },
              {
                "props": {
                  "color": "#1d1d1b",
                  "lineHeight": 1.2,
                  "text": "|",
                },
                "type": "text",
              },
              {
                "props": {
                  "width": 3,
                },
                "type": "block",
              },
              {
                "props": {
                  "color": "#1d1d1b",
                  "lineHeight": 1.2,
                  "text": "Page",
                },
                "type": "text",
              },
              {
                "props": {
                  "width": 20,
                },
                "type": "block",
              },
            ],
            "props": {
              "flexDirection": "row",
              "justifyContent": "flex-end",
            },
            "type": "block",
          },
          {
            "props": {
              "height": 8,
            },
            "type": "block",
          },
        ],
        "props": {
          "fontFamily": "Open-Sans",
          "justifyContent": "flex-start",
          "size": "A4",
        },
        "type": "page",
      },
    ],
    "props": {
      "author": "Krisztian Korosi",
      "keywords": "IntelliJ, SQL, XHTML1.0-HTML5, CSS2-3, SCSS, JavaScript, AngularJS, jQuery, Photoshop, Illustrator, Linux, Windows, MacOS, Symfony, Laravel, Wordpress, Apache, PHP, Git, ECMA Script, NodeJS, ReactJS, AWS (ex. EC2, ECR, ECS, RDS, IAM, S3), Rest APIs, Docker, ElasticSearch, Typescript, Nginx, APIs (ex. Facebook, Twitter, Google), InDesign, OAuth, WebSockets, Sublime, VisualStudio, Jenkins, Serverless",
      "title": "Krisztian Korosi",
    },
    "type": "document",
  },
]
`;
